datapath__87: 
case__36: 
datapath__84: 
logic__481: 
datapath__94: 
case__18: 
logic__167: 
case__329: 
case__155: 
logic__482: 
logic__953: 
case__19: 
case__153: 
logic__86: 
logic__130: 
reg__28: 
datapath__122: 
logic__322: 
logic__757: 
signinv__4: 
datapath__177: 
reg__61: 
logic__1072: 
axi_data_fifo_v2_1_17_ndeep_srl__parameterized0: 
logic__138: 
generic_baseblocks_v2_1_0_comparator_static__parameterized1: 
logic__1060: 
case__162: 
signinv__37: 
logic__989: 
logic__120: 
axi_crossbar_v2_1_19_wdata_mux__parameterized0: 
logic__515: 
addsub__15: 
datapath__8: 
axi_crossbar_v2_1_19_si_transactor__parameterized0: 
signinv__50: 
case__309: 
logic__160: 
case__299: 
case__27: 
axi_infrastructure_v1_1_0_vector2axi: 
logic__615: 
logic__623: 
case__22: 
case__246: 
axi_data_fifo_v2_1_17_axic_reg_srl_fifo: 
case__90: 
logic__77: 
axi_crossbar_v2_1_19_crossbar: 
logic__915: 
logic__562: 
logic__733: 
case__360: 
logic__902: 
logic__788: 
logic__616: 
signinv__48: 
reg__30: 
logic__682: 
datapath__68: 
addsub__50: 
addsub__36: 
logic__57: 
logic__282: 
logic__991: 
logic__840: 
logic__677: 
logic__580: 
logic__101: 
logic__356: 
case__183: 
datapath__125: 
axi_register_slice_v2_1_18_axic_register_slice: 
axi_crossbar_v2_1_19_axi_crossbar: 
addsub__46: 
addsub__10: 
case__84: 
logic__1261: 
case__383: 
axi_data_fifo_v2_1_17_ndeep_srl: 
logic__471: 
datapath__18: 
logic__56: 
logic__1199: 
logic__1142: 
logic__490: 
logic__55: 
datapath__49: 
case__192: 
logic__399: 
datapath__57: 
datapath__75: 
logic__789: 
case__38: 
addsub__1: 
reg__5: 
logic__234: 
datapath__138: 
addsub__38: 
logic__154: 
logic__332: 
logic__2: 
logic__277: 
case__241: 
logic__472: 
signinv__44: 
datapath__127: 
addsub__9: 
datapath__20: 
case__185: 
logic__947: 
case__336: 
logic__995: 
logic__487: 
logic__29: 
case__307: 
logic__787: 
datapath__9: 
logic__87: 
logic__830: 
case__11: 
case__181: 
logic__612: 
reg__14: 
axi_data_fifo_v2_1_17_axic_srl_fifo: 
logic__181: 
datapath__71: 
logic__826: 
generic_baseblocks_v2_1_0_mux_enc__parameterized3: 
logic__1148: 
logic__680: 
logic__485: 
reg__42: 
logic__162: 
datapath__42: 
datapath__178: 
logic__767: 
case__191: 
logic__1116: 
logic__576: 
logic__638: 
datapath__30: 
logic__833: 
logic__595: 
case__15: 
logic__838: 
datapath__14: 
signinv__41: 
logic__1102: 
datapath__136: 
case__102: 
case__97: 
logic__782: 
logic__542: 
case__99: 
logic__1187: 
case__167: 
case__89: 
case__87: 
datapath__102: 
logic__1225: 
logic__1197: 
logic__641: 
logic__597: 
logic__918: 
datapath__176: 
datapath__155: 
logic__204: 
logic__820: 
logic__435: 
case__184: 
logic__882: 
logic__239: 
case__85: 
datapath__156: 
datapath__41: 
counter__6: 
logic__785: 
logic__263: 
case__43: 
logic__23: 
datapath__17: 
datapath__110: 
case__368: 
datapath__36: 
logic__270: 
addsub__44: 
datapath__46: 
logic__271: 
logic__442: 
case__28: 
case__334: 
datapath__24: 
datapath__90: 
case__300: 
case__356: 
case__32: 
addsub__2: 
case__253: 
case__247: 
signinv__32: 
logic__894: 
logic__361: 
case__340: 
datapath__134: 
axi_crossbar_v2_1_19_si_transactor__parameterized1: 
addsub__41: 
logic__1103: 
datapath__117: 
logic__1169: 
datapath__97: 
logic__1233: 
datapath__131: 
datapath__60: 
addsub__5: 
signinv__13: 
datapath__73: 
addsub__3: 
logic__858: 
logic__835: 
reg__24: 
logic__1013: 
logic__67: 
logic__1224: 
logic__1073: 
signinv__33: 
logic__1180: 
datapath__80: 
logic__684: 
datapath__147: 
case__104: 
addsub__33: 
logic__110: 
datapath__91: 
case__358: 
datapath__89: 
logic__258: 
addsub__23: 
logic__729: 
logic__1145: 
logic__640: 
logic__432: 
datapath__47: 
axi_crossbar_v2_1_19_decerr_slave: 
logic__614: 
axi_register_slice_v2_1_18_axic_register_slice__parameterized2: 
logic__765: 
case__308: 
signinv__29: 
datapath__48: 
logic__786: 
logic__283: 
addsub__27: 
logic__114: 
datapath__141: 
signinv__8: 
logic__419: 
logic__538: 
addsub__21: 
case__330: 
case__94: 
logic__489: 
signinv__30: 
logic__1014: 
logic__1059: 
logic__1150: 
addsub__7: 
axi_crossbar_v2_1_19_splitter: 
datapath__98: 
datapath__29: 
datapath__112: 
signinv__17: 
logic__100: 
logic__999: 
logic__770: 
logic__1274: 
datapath__63: 
case__315: 
axi_crossbar_v2_1_19_wdata_router: 
logic__1120: 
addsub__24: 
datapath__77: 
logic__1030: 
reg__52: 
reg__3: 
datapath__185: 
datapath__5: 
logic__441: 
addsub__18: 
logic__1205: 
logic__917: 
logic__848: 
datapath__25: 
signinv__49: 
logic__778: 
datapath__38: 
datapath__82: 
logic__1243: 
logic__1161: 
logic__375: 
logic__634: 
generic_baseblocks_v2_1_0_carry_and: 
logic__622: 
generic_baseblocks_v2_1_0_comparator_static__parameterized2: 
logic__483: 
datapath__15: 
datapath__151: 
logic__424: 
case__86: 
logic__391: 
logic__689: 
logic__280: 
logic__1196: 
logic__1061: 
logic__724: 
logic__285: 
case__242: 
logic__90: 
case__106: 
logic__417: 
axi_crossbar_v2_1_19_addr_arbiter: 
case__357: 
logic__636: 
case__342: 
logic__606: 
axi_crossbar_v2_1_19_addr_decoder: 
logic__96: 
addsub__49: 
logic__1217: 
case__250: 
logic__325: 
logic__163: 
logic__66: 
datapath__132: 
logic__193: 
addsub__16: 
logic__990: 
datapath__144: 
logic__753: 
addsub__28: 
addsub__25: 
case__243: 
logic: 
datapath__180: 
signinv__39: 
logic__510: 
addsub__40: 
logic__1101: 
logic__194: 
logic__1283: 
logic__898: 
reg__17: 
case__313: 
logic__94: 
datapath__106: 
signinv__2: 
reg: 
logic__1280: 
case__377: 
case__332: 
logic__224: 
reg__2: 
muxpart__10: 
logic__164: 
logic__1066: 
logic__780: 
logic__737: 
datapath__93: 
datapath__101: 
logic__1171: 
addsub__32: 
datapath__140: 
reg__49: 
signinv__24: 
logic__1100: 
logic__1143: 
reg__44: 
logic__125: 
logic__52: 
datapath__56: 
logic__425: 
addsub__48: 
datapath__184: 
logic__1097: 
logic__484: 
logic__479: 
logic__111: 
datapath__171: 
reg__7: 
logic__493: 
logic__1234: 
datapath__149: 
logic__115: 
logic__783: 
datapath__27: 
logic__1159: 
reg__37: 
logic__215: 
logic__104: 
logic__984: 
case__379: 
reg__40: 
logic__925: 
case__295: 
logic__1025: 
axi_register_slice_v2_1_18_axi_register_slice: 
counter__4: 
datapath__62: 
logic__330: 
logic__275: 
logic__1107: 
logic__886: 
logic__119: 
logic__1160: 
logic__312: 
logic__116: 
logic__690: 
logic__985: 
logic__941: 
logic__624: 
logic__878: 
logic__281: 
case__249: 
logic__745: 
datapath__99: 
case__91: 
case__294: 
reg__43: 
logic__43: 
logic__554: 
signinv__34: 
case__31: 
logic__42: 
logic__1146: 
case__335: 
logic__633: 
datapath__108: 
datapath__172: 
addsub__35: 
addsub__30: 
datapath__130: 
addsub__19: 
logic__478: 
logic__341: 
logic__480: 
logic__333: 
datapath__65: 
logic__383: 
addsub__29: 
logic__863: 
logic__105: 
reg__11: 
signinv__31: 
logic__126: 
logic__644: 
muxpart: 
logic__1119: 
reg__47: 
case__109: 
case__156: 
reg__34: 
case__298: 
datapath__37: 
signinv__35: 
logic__1178: 
logic__192: 
reg__50: 
case__163: 
case__34: 
logic__1018: 
logic__323: 
logic__272: 
logic__1172: 
logic__868: 
reg__19: 
logic__486: 
logic__681: 
signinv__16: 
logic__112: 
case__165: 
logic__1077: 
datapath__126: 
logic__1198: 
logic__1058: 
datapath__120: 
logic__107: 
case__361: 
logic__182: 
signinv__22: 
logic__629: 
case__93: 
addsub__31: 
logic__319: 
logic__936: 
case__303: 
datapath__58: 
counter__1: 
logic__997: 
logic__952: 
generic_baseblocks_v2_1_0_comparator_static__parameterized0: 
addsub__39: 
reg__46: 
datapath__150: 
logic__129: 
logic__203: 
logic__1057: 
datapath__173: 
logic__772: 
logic__97: 
case__98: 
logic__1179: 
logic__1049: 
logic__687: 
case__40: 
logic__1170: 
logic__93: 
addsub__20: 
logic__1071: 
logic__1277: 
datapath__124: 
case__189: 
logic__395: 
datapath__92: 
logic__264: 
datapath__83: 
logic__286: 
logic__103: 
datapath__119: 
signinv__40: 
logic__841: 
datapath__55: 
logic__279: 
logic__613: 
logic__910: 
case__252: 
datapath__51: 
case__248: 
datapath__118: 
case__238: 
case__339: 
reg__13: 
datapath__19: 
logic__407: 
case__338: 
datapath__22: 
addsub__13: 
case__236: 
logic__98: 
logic__36: 
datapath__165: 
reg__33: 
logic__225: 
datapath__161: 
case__382: 
logic__1105: 
logic__972: 
datapath__158: 
datapath__61: 
case__160: 
case__373: 
case__107: 
logic__1064: 
datapath__166: 
logic__530: 
logic__214: 
logic__771: 
datapath__2: 
addsub__42: 
case__341: 
reg__35: 
logic__853: 
logic__1147: 
reg__41: 
case__158: 
axi_crossbar_v2_1_19_arbiter_resp: 
datapath__7: 
logic__106: 
logic__1252: 
signinv: 
logic__688: 
logic__996: 
logic__50: 
reg__12: 
logic__1226: 
logic__987: 
case__365: 
datapath__72: 
logic__749: 
counter: 
generic_baseblocks_v2_1_0_comparator_static__parameterized3: 
logic__78: 
signinv__43: 
logic__819: 
logic__313: 
logic__371: 
logic__35: 
case__305: 
logic__235: 
logic__27: 
logic__153: 
case__14: 
case__337: 
signinv__11: 
logic__183: 
case: 
reg__4: 
datapath__170: 
case__386: 
reg__57: 
case__301: 
datapath__109: 
logic__678: 
logic__241: 
reg__16: 
logic__994: 
logic__832: 
datapath__11: 
logic__445: 
axi_crossbar_v2_1_19_si_transactor: 
datapath__33: 
counter__3: 
logic__434: 
logic__1251: 
signinv__21: 
reg__10: 
datapath__74: 
reg__48: 
logic__505: 
logic__65: 
case__331: 
case__151: 
logic__1053: 
datapath__53: 
logic__1149: 
datapath__160: 
datapath__67: 
signinv__14: 
logic__1098: 
logic__253: 
case__152: 
logic__266: 
datapath__32: 
logic__328: 
logic__1104: 
case__387: 
axi_data_fifo_v2_1_17_axic_srl_fifo__parameterized1: 
case__103: 
case__306: 
signinv__27: 
reg__8: 
logic__777: 
logic__1271: 
logic__779: 
logic__265: 
logic__944: 
logic__691: 
datapath__59: 
datapath__96: 
datapath__159: 
case__161: 
dsrl: 
datapath__86: 
design_1_xbar_0: 
signinv__42: 
logic__331: 
reg__18: 
reg__51: 
logic__837: 
logic__1099: 
logic__1004: 
datapath__129: 
logic__327: 
logic__566: 
logic__992: 
case__244: 
addsub: 
logic__433: 
logic__1163: 
signinv__20: 
reg__53: 
logic__326: 
logic__676: 
logic__630: 
logic__63: 
datapath__116: 
logic__632: 
logic__628: 
case__370: 
logic__1024: 
datapath__88: 
logic__430: 
datapath__21: 
logic__741: 
case__359: 
axi_register_slice_v2_1_18_axic_register_slice__parameterized0: 
logic__273: 
logic__1096: 
datapath__169: 
logic__83: 
logic__321: 
signinv__5: 
datapath__179: 
logic__922: 
case__150: 
signinv__12: 
logic__180: 
signinv__18: 
case__297: 
logic__24: 
datapath__135: 
logic__491: 
case__385: 
logic__423: 
logic__781: 
logic__1253: 
logic__569: 
logic__351: 
datapath__76: 
logic__1011: 
logic__109: 
reg__25: 
logic__54: 
logic__827: 
logic__671: 
datapath__139: 
case__9: 
logic__1259: 
logic__436: 
case__39: 
logic__993: 
logic__685: 
logic__1117: 
logic__1012: 
case__304: 
axi_data_fifo_v2_1_17_axic_srl_fifo__parameterized0: 
logic__166: 
datapath__182: 
reg__31: 
logic__79: 
datapath__79: 
datapath__40: 
case__251: 
logic__34: 
addsub__43: 
case__239: 
signinv__25: 
logic__252: 
logic__25: 
logic__1144: 
logic__890: 
logic__825: 
logic__439: 
case__371: 
case__13: 
logic__618: 
case__41: 
logic__603: 
case__35: 
logic__1029: 
addsub__45: 
datapath__181: 
logic__790: 
datapath__6: 
addsub__47: 
datapath__69: 
datapath__121: 
reg__22: 
generic_baseblocks_v2_1_0_mux_enc__parameterized0: 
case__101: 
logic__95: 
case__24: 
logic__500: 
axi_infrastructure_v1_1_0_axi2vector: 
logic__670: 
datapath__28: 
logic__1181: 
datapath__143: 
signinv__26: 
logic__1: 
datapath__154: 
generic_baseblocks_v2_1_0_comparator_static: 
logic__1206: 
logic__440: 
logic__99: 
logic__1268: 
logic__477: 
logic__444: 
logic__1140: 
datapath__128: 
logic__108: 
reg__1: 
logic__170: 
logic__113: 
datapath__187: 
logic__488: 
logic__1139: 
datapath__66: 
logic__205: 
case__182: 
signinv__45: 
logic__873: 
case__390: 
logic__983: 
logic__977: 
case__188: 
reg__6: 
logic__831: 
datapath__137: 
datapath__186: 
logic__839: 
case__190: 
case__92: 
logic__278: 
signinv__10: 
datapath__44: 
logic__284: 
datapath__175: 
logic__1214: 
logic__937: 
reg__59: 
signinv__28: 
case__23: 
signinv__15: 
logic__596: 
axi_data_fifo_v2_1_17_axic_reg_srl_fifo__parameterized0: 
case__333: 
datapath__50: 
logic__80: 
logic__165: 
logic__1063: 
case__311: 
reg__29: 
datapath__163: 
datapath__43: 
reg__45: 
signinv__1: 
logic__914: 
case__388: 
logic__1007: 
case__193: 
case__88: 
case__10: 
datapath__103: 
datapath__70: 
logic__118: 
datapath__113: 
logic__22: 
logic__276: 
logic__102: 
datapath__152: 
case__21: 
case__381: 
logic__957: 
logic__1190: 
case__302: 
logic__60: 
logic__320: 
signinv__47: 
logic__346: 
logic__1189: 
logic__621: 
logic__1215: 
axi_crossbar_v2_1_19_si_transactor__parameterized2: 
case__186: 
logic__254: 
datapath__23: 
generic_baseblocks_v2_1_0_mux_enc__parameterized2: 
case__312: 
datapath__34: 
axi_register_slice_v2_1_18_axic_register_slice__parameterized1: 
logic__1108: 
datapath__148: 
signinv__9: 
case__237: 
datapath__10: 
addsub__34: 
logic__610: 
signinv__38: 
case__235: 
counter__5: 
case__108: 
logic__699: 
logic__1054: 
logic__558: 
logic__1207: 
datapath__45: 
logic__122: 
reg__60: 
case__364: 
axi_crossbar_v2_1_19_wdata_mux: 
reg__21: 
datapath__54: 
logic__1262: 
case__376: 
logic__948: 
logic__642: 
logic__1188: 
logic__1106: 
case__187: 
logic__1055: 
logic__906: 
logic__1242: 
case__374: 
datapath__13: 
logic__237: 
datapath__183: 
logic__520: 
generic_baseblocks_v2_1_0_comparator_static__parameterized5: 
logic__836: 
logic__793: 
datapath__64: 
logic__683: 
logic__140: 
reg__32: 
logic__379: 
signinv__19: 
datapath__81: 
logic__143: 
logic__1151: 
axi_crossbar_v2_1_19_addr_decoder__parameterized0: 
logic__64: 
case__30: 
logic__136: 
logic__318: 
datapath__35: 
case__310: 
addsub__11: 
case__384: 
case__245: 
logic__1062: 
logic__28: 
logic__121: 
datapath__157: 
logic__791: 
signinv__3: 
logic__1232: 
logic__679: 
logic__1021: 
logic__692: 
datapath__114: 
addsub__17: 
case__240: 
signinv__6: 
logic__422: 
logic__635: 
logic__761: 
addsub__8: 
logic__637: 
logic__443: 
case__25: 
logic__1244: 
logic__1056: 
reg__9: 
logic__546: 
datapath__26: 
logic__242: 
logic__784: 
datapath__95: 
logic__53: 
case__12: 
logic__179: 
logic__169: 
generic_baseblocks_v2_1_0_mux_enc__parameterized1: 
logic__51: 
datapath__16: 
logic__1250: 
case__95: 
logic__1034: 
case__157: 
logic__834: 
logic__260: 
logic__32: 
case__29: 
datapath__146: 
addsub__14: 
logic__988: 
signinv__36: 
logic__124: 
logic__572: 
datapath__133: 
datapath__78: 
logic__1241: 
counter__2: 
logic__1260: 
datapath__115: 
case__26: 
logic__1235: 
logic__534: 
case__159: 
datapath__85: 
case__380: 
logic__403: 
reg__36: 
dsrl__1: 
logic__492: 
datapath__142: 
datapath__39: 
reg__20: 
addsub__12: 
datapath__123: 
generic_baseblocks_v2_1_0_comparator_static__parameterized4: 
case__296: 
logic__550: 
logic__709: 
logic__437: 
logic__919: 
signinv__7: 
reg__15: 
logic__274: 
logic__643: 
logic__639: 
datapath__1: 
case__105: 
logic__438: 
logic__1118: 
logic__128: 
logic__49: 
datapath__153: 
datapath__100: 
logic__168: 
reg__54: 
logic__998: 
case__154: 
datapath__31: 
logic__1141: 
logic__828: 
logic__324: 
logic__829: 
case__100: 
case__17: 
case__166: 
datapath__3: 
reg__23: 
datapath__111: 
generic_baseblocks_v2_1_0_mux_enc: 
axi_data_fifo_v2_1_17_ndeep_srl__parameterized1: 
addsub__22: 
datapath__105: 
case__42: 
axi_data_fifo_v2_1_17_axic_reg_srl_fifo__parameterized1: 
datapath__52: 
logic__155: 
muxpart__9: 
logic__935: 
datapath: 
logic__387: 
logic__719: 
logic__117: 
case__362: 
logic__773: 
case__234: 
logic__714: 
case__33: 
logic__1208: 
datapath__174: 
logic__329: 
addsub__37: 
case__389: 
logic__127: 
datapath__164: 
datapath__104: 
datapath__12: 
logic__429: 
datapath__167: 
dsrl__2: 
case__37: 
case__164: 
logic__916: 
logic__366: 
signinv__46: 
case__367: 
case__314: 
signinv__23: 
reg__58: 
logic__986: 
addsub__6: 
datapath__145: 
addsub__4: 
logic__704: 
datapath__4: 
logic__431: 
datapath__162: 
logic__611: 
logic__161: 
addsub__26: 
datapath__107: 
logic__976: 
logic__123: 
logic__525: 
logic__1223: 
logic__792: 
case__96: 
logic__631: 
logic__686: 
logic__334: 
case__20: 
datapath__168: 
