case__56: 
reg__94: 
reg__89: 
logic__412: 
datapath__22: 
reg__33: 
case__61: 
reg__129: 
reg__97: 
datapath__2: 
reg__55: 
logic__86: 
logic__10: 
reg__111: 
logic__164: 
reg__103: 
reg__36: 
logic__442: 
reg__122: 
case__57: 
logic__33: 
reg__13: 
case__3: 
muxpart__3: 
logic__154: 
logic__480: 
datapath__15: 
reg__95: 
logic__41: 
case__10: 
logic__30: 
logic__161: 
datapath__21: 
case__21: 
signinv: 
muxpart: 
logic__435: 
logic__192: 
logic__45: 
logic__85: 
logic__431: 
case__147: 
reg__42: 
logic__295: 
case__175: 
case__125: 
case__73: 
logic__269: 
logic__213: 
datapath__18: 
logic__278: 
logic__487: 
reg__92: 
reg__20: 
logic__187: 
datapath__26: 
logic__36: 
logic__223: 
reg__28: 
case__76: 
logic__432: 
case__47: 
reg__90: 
datapath__19: 
case__44: 
case__120: 
SRL_FIFO: 
reg__66: 
logic__291: 
reg__19: 
case__68: 
reg__88: 
case__176: 
reg__113: 
reg__121: 
logic__151: 
case__177: 
reg__10: 
reg__74: 
reg__41: 
case__58: 
datapath__24: 
logic__125: 
datapath__9: 
case__18: 
muxpart__14: 
case__169: 
case__20: 
reg__78: 
reg__1: 
case__46: 
case__39: 
case__170: 
case__5: 
reg__96: 
reg__9: 
datapath__27: 
axi_bram_ctrl_top: 
case__6: 
logic__75: 
reg__75: 
datapath__33: 
case__74: 
case__62: 
reg__70: 
logic__197: 
logic__39: 
reg__85: 
logic__226: 
logic__275: 
reg__112: 
datapath__13: 
case__148: 
logic__7: 
reg__57: 
reg__117: 
logic__130: 
case__179: 
case__113: 
logic__224: 
case__53: 
datapath__8: 
logic__146: 
datapath__6: 
case__119: 
logic__286: 
datapath__34: 
logic__300: 
reg__2: 
reg__17: 
logic__142: 
case__8: 
reg__87: 
case__14: 
reg__46: 
reg__25: 
reg__52: 
logic__263: 
logic__67: 
logic__182: 
reg__40: 
reg__82: 
reg__35: 
reg__27: 
datapath__7: 
case__146: 
logic__76: 
reg__49: 
case__129: 
reg__11: 
reg__18: 
logic__289: 
case__66: 
case__132: 
reg__6: 
logic__210: 
logic__237: 
case__79: 
reg__84: 
case__51: 
case__82: 
reg__53: 
datapath__31: 
case__12: 
reg__118: 
logic__252: 
case__77: 
logic__200: 
logic__38: 
case__13: 
case__110: 
logic__444: 
reg__127: 
case__171: 
logic__418: 
reg__64: 
case__36: 
reg__31: 
logic__160: 
logic__447: 
case__60: 
logic__27: 
reg__43: 
case__80: 
logic__201: 
logic__176: 
datapath__30: 
logic__37: 
reg__123: 
case__23: 
logic__249: 
muxpart__1: 
datapath__25: 
reg__3: 
case__114: 
reg__14: 
case__149: 
logic__93: 
logic__276: 
case__141: 
addsub: 
reg__120: 
datapath__3: 
reg__99: 
case__124: 
case__22: 
reg__38: 
logic__238: 
logic__43: 
logic__219: 
logic__77: 
logic__82: 
logic: 
logic__196: 
reg__22: 
logic__225: 
logic__427: 
logic__209: 
reg__68: 
logic__428: 
case__143: 
logic__242: 
case__15: 
logic__233: 
logic__292: 
case__152: 
logic__290: 
logic__262: 
datapath__28: 
logic__170: 
case__144: 
logic__297: 
logic__126: 
case__42: 
case__84: 
case__78: 
reg__101: 
case__138: 
case__116: 
case__70: 
reg: 
reg__47: 
ua_narrow: 
logic__145: 
case__72: 
reg__73: 
datapath__14: 
design_1_axi_bram_ctrl_huff_0: 
case__126: 
logic__134: 
case__50: 
logic__179: 
case__118: 
logic__180: 
logic__451: 
reg__98: 
reg__71: 
reg__58: 
reg__109: 
reg__60: 
reg__130: 
reg__24: 
case__117: 
logic__42: 
case__4: 
datapath__12: 
logic__417: 
logic__214: 
reg__56: 
logic__127: 
case__16: 
case__145: 
case__131: 
logic__439: 
reg__110: 
reg__39: 
reg__108: 
case__115: 
logic__279: 
logic__448: 
logic__430: 
datapath__17: 
case__45: 
case__34: 
muxpart__2: 
case: 
case__178: 
case__37: 
case__172: 
case__122: 
reg__69: 
reg__12: 
case__83: 
reg__48: 
case__168: 
datapath__4: 
sng_port_arb: 
reg__83: 
case__69: 
case__54: 
case__43: 
reg__106: 
case__140: 
case__38: 
datapath__10: 
reg__104: 
case__19: 
logic__211: 
logic__81: 
logic__2: 
case__130: 
case__9: 
logic__208: 
logic__253: 
logic__46: 
reg__102: 
logic__245: 
logic__44: 
logic__258: 
reg__100: 
reg__45: 
case__128: 
logic__188: 
logic__277: 
reg__115: 
logic__266: 
logic__121: 
logic__14: 
case__63: 
reg__37: 
case__139: 
case__2: 
reg__32: 
case__49: 
case__174: 
case__133: 
reg__30: 
logic__91: 
reg__119: 
case__81: 
case__127: 
case__150: 
logic__21: 
case__151: 
logic__205: 
reg__116: 
logic__137: 
datapath__23: 
logic__222: 
reg__15: 
reg__7: 
case__55: 
datapath__29: 
case__59: 
logic__479: 
datapath__5: 
reg__124: 
logic__229: 
logic__24: 
case__7: 
logic__193: 
case__123: 
full_axi: 
logic__147: 
logic__131: 
reg__65: 
logic__49: 
logic__422: 
logic__92: 
logic__296: 
reg__107: 
reg__59: 
reg__91: 
reg__8: 
logic__392: 
case__1: 
logic__283: 
reg__114: 
datapath__16: 
case__111: 
case__71: 
reg__63: 
muxpart__13: 
datapath__1: 
case__11: 
datapath__32: 
reg__26: 
logic__118: 
case__85: 
logic__426: 
case__75: 
logic__443: 
logic__394: 
reg__54: 
case__40: 
logic__80: 
reg__67: 
case__112: 
datapath: 
reg__62: 
datapath__20: 
reg__128: 
case__35: 
reg__44: 
reg__51: 
reg__105: 
logic__150: 
reg__16: 
logic__246: 
reg__86: 
reg__23: 
reg__21: 
case__173: 
logic__124: 
datapath__11: 
reg__29: 
logic__261: 
case__64: 
reg__34: 
logic__165: 
case__52: 
logic__425: 
logic__280: 
logic__40: 
reg__72: 
logic__241: 
rd_chnl: 
reg__61: 
logic__416: 
logic__181: 
axi_bram_ctrl: 
reg__93: 
case__121: 
reg__50: 
wr_chnl: 
logic__429: 
reg__131: 
case__48: 
wrap_brst: 
reg__79: 
case__142: 
logic__393: 
case__65: 
logic__173: 
case__67: 
case__17: 
